// Jest Snapshot v1, https://goo.gl/fbAQLP

exports[`Snowball createPaymentPlan should match snapshot for avalance 1`] = `
Results {
  "payments": [
    {
      "accounts": [
        {
          "accruedInterest": 12.49,
          "additionalPayment": 100,
          "balanceEnd": 837.49,
          "balanceStart": 1000,
          "minPayment": 75,
          "name": "Credit Card",
          "paymentAmount": 175,
        },
        {
          "accruedInterest": 29.69,
          "additionalPayment": 0,
          "balanceEnd": 7379.69,
          "balanceStart": 7500,
          "minPayment": 150,
          "name": "Student Loan",
          "paymentAmount": 150,
        },
      ],
      "balance": 8217.18,
    },
    {
      "accounts": [
        {
          "accruedInterest": 10.46,
          "additionalPayment": 100,
          "balanceEnd": 672.95,
          "balanceStart": 837.49,
          "minPayment": 75,
          "name": "Credit Card",
          "paymentAmount": 175,
        },
        {
          "accruedInterest": 29.21,
          "additionalPayment": 0,
          "balanceEnd": 7258.9,
          "balanceStart": 7379.69,
          "minPayment": 150,
          "name": "Student Loan",
          "paymentAmount": 150,
        },
      ],
      "balance": 7931.85,
    },
    {
      "accounts": [
        {
          "accruedInterest": 8.41,
          "additionalPayment": 100,
          "balanceEnd": 506.36,
          "balanceStart": 672.95,
          "minPayment": 75,
          "name": "Credit Card",
          "paymentAmount": 175,
        },
        {
          "accruedInterest": 28.73,
          "additionalPayment": 0,
          "balanceEnd": 7137.63,
          "balanceStart": 7258.9,
          "minPayment": 150,
          "name": "Student Loan",
          "paymentAmount": 150,
        },
      ],
      "balance": 7643.99,
    },
    {
      "accounts": [
        {
          "accruedInterest": 6.33,
          "additionalPayment": 100,
          "balanceEnd": 337.69,
          "balanceStart": 506.36,
          "minPayment": 75,
          "name": "Credit Card",
          "paymentAmount": 175,
        },
        {
          "accruedInterest": 28.25,
          "additionalPayment": 0,
          "balanceEnd": 7015.88,
          "balanceStart": 7137.63,
          "minPayment": 150,
          "name": "Student Loan",
          "paymentAmount": 150,
        },
      ],
      "balance": 7353.57,
    },
    {
      "accounts": [
        {
          "accruedInterest": 4.22,
          "additionalPayment": 100,
          "balanceEnd": 166.91,
          "balanceStart": 337.69,
          "minPayment": 75,
          "name": "Credit Card",
          "paymentAmount": 175,
        },
        {
          "accruedInterest": 27.77,
          "additionalPayment": 0,
          "balanceEnd": 6893.65,
          "balanceStart": 7015.88,
          "minPayment": 150,
          "name": "Student Loan",
          "paymentAmount": 150,
        },
      ],
      "balance": 7060.56,
    },
    {
      "accounts": [
        {
          "accruedInterest": 2.08,
          "additionalPayment": 100,
          "balanceEnd": 0,
          "balanceStart": 166.91,
          "minPayment": 75,
          "name": "Credit Card",
          "paymentAmount": 166.91,
        },
        {
          "accruedInterest": 27.29,
          "additionalPayment": 8.09,
          "balanceEnd": 6762.85,
          "balanceStart": 6893.65,
          "minPayment": 150,
          "name": "Student Loan",
          "paymentAmount": 158.09,
        },
      ],
      "balance": 6762.85,
    },
    {
      "accounts": [
        {
          "accruedInterest": 0,
          "additionalPayment": 0,
          "balanceEnd": 0,
          "balanceStart": 0,
          "minPayment": 75,
          "name": "Credit Card",
          "paymentAmount": 0,
        },
        {
          "accruedInterest": 26.77,
          "additionalPayment": 175,
          "balanceEnd": 6464.62,
          "balanceStart": 6762.85,
          "minPayment": 150,
          "name": "Student Loan",
          "paymentAmount": 325,
        },
      ],
      "balance": 6464.62,
    },
    {
      "accounts": [
        {
          "accruedInterest": 0,
          "additionalPayment": 0,
          "balanceEnd": 0,
          "balanceStart": 0,
          "minPayment": 75,
          "name": "Credit Card",
          "paymentAmount": 0,
        },
        {
          "accruedInterest": 25.59,
          "additionalPayment": 175,
          "balanceEnd": 6165.21,
          "balanceStart": 6464.62,
          "minPayment": 150,
          "name": "Student Loan",
          "paymentAmount": 325,
        },
      ],
      "balance": 6165.21,
    },
    {
      "accounts": [
        {
          "accruedInterest": 0,
          "additionalPayment": 0,
          "balanceEnd": 0,
          "balanceStart": 0,
          "minPayment": 75,
          "name": "Credit Card",
          "paymentAmount": 0,
        },
        {
          "accruedInterest": 24.4,
          "additionalPayment": 175,
          "balanceEnd": 5864.61,
          "balanceStart": 6165.21,
          "minPayment": 150,
          "name": "Student Loan",
          "paymentAmount": 325,
        },
      ],
      "balance": 5864.61,
    },
    {
      "accounts": [
        {
          "accruedInterest": 0,
          "additionalPayment": 0,
          "balanceEnd": 0,
          "balanceStart": 0,
          "minPayment": 75,
          "name": "Credit Card",
          "paymentAmount": 0,
        },
        {
          "accruedInterest": 23.21,
          "additionalPayment": 175,
          "balanceEnd": 5562.82,
          "balanceStart": 5864.61,
          "minPayment": 150,
          "name": "Student Loan",
          "paymentAmount": 325,
        },
      ],
      "balance": 5562.82,
    },
    {
      "accounts": [
        {
          "accruedInterest": 0,
          "additionalPayment": 0,
          "balanceEnd": 0,
          "balanceStart": 0,
          "minPayment": 75,
          "name": "Credit Card",
          "paymentAmount": 0,
        },
        {
          "accruedInterest": 22.02,
          "additionalPayment": 175,
          "balanceEnd": 5259.84,
          "balanceStart": 5562.82,
          "minPayment": 150,
          "name": "Student Loan",
          "paymentAmount": 325,
        },
      ],
      "balance": 5259.84,
    },
    {
      "accounts": [
        {
          "accruedInterest": 0,
          "additionalPayment": 0,
          "balanceEnd": 0,
          "balanceStart": 0,
          "minPayment": 75,
          "name": "Credit Card",
          "paymentAmount": 0,
        },
        {
          "accruedInterest": 20.82,
          "additionalPayment": 175,
          "balanceEnd": 4955.66,
          "balanceStart": 5259.84,
          "minPayment": 150,
          "name": "Student Loan",
          "paymentAmount": 325,
        },
      ],
      "balance": 4955.66,
    },
    {
      "accounts": [
        {
          "accruedInterest": 0,
          "additionalPayment": 0,
          "balanceEnd": 0,
          "balanceStart": 0,
          "minPayment": 75,
          "name": "Credit Card",
          "paymentAmount": 0,
        },
        {
          "accruedInterest": 19.62,
          "additionalPayment": 175,
          "balanceEnd": 4650.28,
          "balanceStart": 4955.66,
          "minPayment": 150,
          "name": "Student Loan",
          "paymentAmount": 325,
        },
      ],
      "balance": 4650.28,
    },
    {
      "accounts": [
        {
          "accruedInterest": 0,
          "additionalPayment": 0,
          "balanceEnd": 0,
          "balanceStart": 0,
          "minPayment": 75,
          "name": "Credit Card",
          "paymentAmount": 0,
        },
        {
          "accruedInterest": 18.41,
          "additionalPayment": 175,
          "balanceEnd": 4343.69,
          "balanceStart": 4650.28,
          "minPayment": 150,
          "name": "Student Loan",
          "paymentAmount": 325,
        },
      ],
      "balance": 4343.69,
    },
    {
      "accounts": [
        {
          "accruedInterest": 0,
          "additionalPayment": 0,
          "balanceEnd": 0,
          "balanceStart": 0,
          "minPayment": 75,
          "name": "Credit Card",
          "paymentAmount": 0,
        },
        {
          "accruedInterest": 17.19,
          "additionalPayment": 175,
          "balanceEnd": 4035.88,
          "balanceStart": 4343.69,
          "minPayment": 150,
          "name": "Student Loan",
          "paymentAmount": 325,
        },
      ],
      "balance": 4035.88,
    },
    {
      "accounts": [
        {
          "accruedInterest": 0,
          "additionalPayment": 0,
          "balanceEnd": 0,
          "balanceStart": 0,
          "minPayment": 75,
          "name": "Credit Card",
          "paymentAmount": 0,
        },
        {
          "accruedInterest": 15.98,
          "additionalPayment": 175,
          "balanceEnd": 3726.86,
          "balanceStart": 4035.88,
          "minPayment": 150,
          "name": "Student Loan",
          "paymentAmount": 325,
        },
      ],
      "balance": 3726.86,
    },
    {
      "accounts": [
        {
          "accruedInterest": 0,
          "additionalPayment": 0,
          "balanceEnd": 0,
          "balanceStart": 0,
          "minPayment": 75,
          "name": "Credit Card",
          "paymentAmount": 0,
        },
        {
          "accruedInterest": 14.75,
          "additionalPayment": 175,
          "balanceEnd": 3416.61,
          "balanceStart": 3726.86,
          "minPayment": 150,
          "name": "Student Loan",
          "paymentAmount": 325,
        },
      ],
      "balance": 3416.61,
    },
    {
      "accounts": [
        {
          "accruedInterest": 0,
          "additionalPayment": 0,
          "balanceEnd": 0,
          "balanceStart": 0,
          "minPayment": 75,
          "name": "Credit Card",
          "paymentAmount": 0,
        },
        {
          "accruedInterest": 13.52,
          "additionalPayment": 175,
          "balanceEnd": 3105.13,
          "balanceStart": 3416.61,
          "minPayment": 150,
          "name": "Student Loan",
          "paymentAmount": 325,
        },
      ],
      "balance": 3105.13,
    },
    {
      "accounts": [
        {
          "accruedInterest": 0,
          "additionalPayment": 0,
          "balanceEnd": 0,
          "balanceStart": 0,
          "minPayment": 75,
          "name": "Credit Card",
          "paymentAmount": 0,
        },
        {
          "accruedInterest": 12.29,
          "additionalPayment": 175,
          "balanceEnd": 2792.42,
          "balanceStart": 3105.13,
          "minPayment": 150,
          "name": "Student Loan",
          "paymentAmount": 325,
        },
      ],
      "balance": 2792.42,
    },
    {
      "accounts": [
        {
          "accruedInterest": 0,
          "additionalPayment": 0,
          "balanceEnd": 0,
          "balanceStart": 0,
          "minPayment": 75,
          "name": "Credit Card",
          "paymentAmount": 0,
        },
        {
          "accruedInterest": 11.05,
          "additionalPayment": 175,
          "balanceEnd": 2478.47,
          "balanceStart": 2792.42,
          "minPayment": 150,
          "name": "Student Loan",
          "paymentAmount": 325,
        },
      ],
      "balance": 2478.47,
    },
    {
      "accounts": [
        {
          "accruedInterest": 0,
          "additionalPayment": 0,
          "balanceEnd": 0,
          "balanceStart": 0,
          "minPayment": 75,
          "name": "Credit Card",
          "paymentAmount": 0,
        },
        {
          "accruedInterest": 9.81,
          "additionalPayment": 175,
          "balanceEnd": 2163.28,
          "balanceStart": 2478.47,
          "minPayment": 150,
          "name": "Student Loan",
          "paymentAmount": 325,
        },
      ],
      "balance": 2163.28,
    },
    {
      "accounts": [
        {
          "accruedInterest": 0,
          "additionalPayment": 0,
          "balanceEnd": 0,
          "balanceStart": 0,
          "minPayment": 75,
          "name": "Credit Card",
          "paymentAmount": 0,
        },
        {
          "accruedInterest": 8.56,
          "additionalPayment": 175,
          "balanceEnd": 1846.84,
          "balanceStart": 2163.28,
          "minPayment": 150,
          "name": "Student Loan",
          "paymentAmount": 325,
        },
      ],
      "balance": 1846.84,
    },
    {
      "accounts": [
        {
          "accruedInterest": 0,
          "additionalPayment": 0,
          "balanceEnd": 0,
          "balanceStart": 0,
          "minPayment": 75,
          "name": "Credit Card",
          "paymentAmount": 0,
        },
        {
          "accruedInterest": 7.31,
          "additionalPayment": 175,
          "balanceEnd": 1529.15,
          "balanceStart": 1846.84,
          "minPayment": 150,
          "name": "Student Loan",
          "paymentAmount": 325,
        },
      ],
      "balance": 1529.15,
    },
    {
      "accounts": [
        {
          "accruedInterest": 0,
          "additionalPayment": 0,
          "balanceEnd": 0,
          "balanceStart": 0,
          "minPayment": 75,
          "name": "Credit Card",
          "paymentAmount": 0,
        },
        {
          "accruedInterest": 6.05,
          "additionalPayment": 175,
          "balanceEnd": 1210.2,
          "balanceStart": 1529.15,
          "minPayment": 150,
          "name": "Student Loan",
          "paymentAmount": 325,
        },
      ],
      "balance": 1210.2,
    },
    {
      "accounts": [
        {
          "accruedInterest": 0,
          "additionalPayment": 0,
          "balanceEnd": 0,
          "balanceStart": 0,
          "minPayment": 75,
          "name": "Credit Card",
          "paymentAmount": 0,
        },
        {
          "accruedInterest": 4.79,
          "additionalPayment": 175,
          "balanceEnd": 889.99,
          "balanceStart": 1210.2,
          "minPayment": 150,
          "name": "Student Loan",
          "paymentAmount": 325,
        },
      ],
      "balance": 889.99,
    },
    {
      "accounts": [
        {
          "accruedInterest": 0,
          "additionalPayment": 0,
          "balanceEnd": 0,
          "balanceStart": 0,
          "minPayment": 75,
          "name": "Credit Card",
          "paymentAmount": 0,
        },
        {
          "accruedInterest": 3.52,
          "additionalPayment": 175,
          "balanceEnd": 568.51,
          "balanceStart": 889.99,
          "minPayment": 150,
          "name": "Student Loan",
          "paymentAmount": 325,
        },
      ],
      "balance": 568.51,
    },
    {
      "accounts": [
        {
          "accruedInterest": 0,
          "additionalPayment": 0,
          "balanceEnd": 0,
          "balanceStart": 0,
          "minPayment": 75,
          "name": "Credit Card",
          "paymentAmount": 0,
        },
        {
          "accruedInterest": 2.25,
          "additionalPayment": 175,
          "balanceEnd": 245.76,
          "balanceStart": 568.51,
          "minPayment": 150,
          "name": "Student Loan",
          "paymentAmount": 325,
        },
      ],
      "balance": 245.76,
    },
    {
      "accounts": [
        {
          "accruedInterest": 0,
          "additionalPayment": 0,
          "balanceEnd": 0,
          "balanceStart": 0,
          "minPayment": 75,
          "name": "Credit Card",
          "paymentAmount": 0,
        },
        {
          "accruedInterest": 0.97,
          "additionalPayment": 175,
          "balanceEnd": 0,
          "balanceStart": 245.76,
          "minPayment": 150,
          "name": "Student Loan",
          "paymentAmount": 245.76,
        },
      ],
      "balance": 0,
    },
  ],
  "totalInterestPaid": 523.81,
  "totalPayments": 28,
}
`;

exports[`Snowball createPaymentPlan should match snapshot for snowball 1`] = `
Results {
  "payments": [
    {
      "accounts": [
        {
          "accruedInterest": 3.56,
          "additionalPayment": 100,
          "balanceEnd": 753.56,
          "balanceStart": 900,
          "minPayment": 50,
          "name": "Student Loan",
          "paymentAmount": 150,
        },
        {
          "accruedInterest": 12.49,
          "additionalPayment": 0,
          "balanceEnd": 937.49,
          "balanceStart": 1000,
          "minPayment": 75,
          "name": "Credit Card",
          "paymentAmount": 75,
        },
      ],
      "balance": 1691.05,
    },
    {
      "accounts": [
        {
          "accruedInterest": 2.98,
          "additionalPayment": 100,
          "balanceEnd": 606.54,
          "balanceStart": 753.56,
          "minPayment": 50,
          "name": "Student Loan",
          "paymentAmount": 150,
        },
        {
          "accruedInterest": 11.71,
          "additionalPayment": 0,
          "balanceEnd": 874.2,
          "balanceStart": 937.49,
          "minPayment": 75,
          "name": "Credit Card",
          "paymentAmount": 75,
        },
      ],
      "balance": 1480.74,
    },
    {
      "accounts": [
        {
          "accruedInterest": 2.4,
          "additionalPayment": 100,
          "balanceEnd": 458.94,
          "balanceStart": 606.54,
          "minPayment": 50,
          "name": "Student Loan",
          "paymentAmount": 150,
        },
        {
          "accruedInterest": 10.92,
          "additionalPayment": 0,
          "balanceEnd": 810.12,
          "balanceStart": 874.2,
          "minPayment": 75,
          "name": "Credit Card",
          "paymentAmount": 75,
        },
      ],
      "balance": 1269.06,
    },
    {
      "accounts": [
        {
          "accruedInterest": 1.82,
          "additionalPayment": 100,
          "balanceEnd": 310.76,
          "balanceStart": 458.94,
          "minPayment": 50,
          "name": "Student Loan",
          "paymentAmount": 150,
        },
        {
          "accruedInterest": 10.12,
          "additionalPayment": 0,
          "balanceEnd": 745.24,
          "balanceStart": 810.12,
          "minPayment": 75,
          "name": "Credit Card",
          "paymentAmount": 75,
        },
      ],
      "balance": 1056,
    },
    {
      "accounts": [
        {
          "accruedInterest": 1.23,
          "additionalPayment": 100,
          "balanceEnd": 161.99,
          "balanceStart": 310.76,
          "minPayment": 50,
          "name": "Student Loan",
          "paymentAmount": 150,
        },
        {
          "accruedInterest": 9.31,
          "additionalPayment": 0,
          "balanceEnd": 679.55,
          "balanceStart": 745.24,
          "minPayment": 75,
          "name": "Credit Card",
          "paymentAmount": 75,
        },
      ],
      "balance": 841.54,
    },
    {
      "accounts": [
        {
          "accruedInterest": 0.64,
          "additionalPayment": 100,
          "balanceEnd": 12.63,
          "balanceStart": 161.99,
          "minPayment": 50,
          "name": "Student Loan",
          "paymentAmount": 150,
        },
        {
          "accruedInterest": 8.49,
          "additionalPayment": 0,
          "balanceEnd": 613.04,
          "balanceStart": 679.55,
          "minPayment": 75,
          "name": "Credit Card",
          "paymentAmount": 75,
        },
      ],
      "balance": 625.67,
    },
    {
      "accounts": [
        {
          "accruedInterest": 0.05,
          "additionalPayment": 100,
          "balanceEnd": 0,
          "balanceStart": 12.63,
          "minPayment": 50,
          "name": "Student Loan",
          "paymentAmount": 12.63,
        },
        {
          "accruedInterest": 7.66,
          "additionalPayment": 137.37,
          "balanceEnd": 408.33,
          "balanceStart": 613.04,
          "minPayment": 75,
          "name": "Credit Card",
          "paymentAmount": 212.37,
        },
      ],
      "balance": 408.33,
    },
    {
      "accounts": [
        {
          "accruedInterest": 0,
          "additionalPayment": 0,
          "balanceEnd": 0,
          "balanceStart": 0,
          "minPayment": 50,
          "name": "Student Loan",
          "paymentAmount": 0,
        },
        {
          "accruedInterest": 5.1,
          "additionalPayment": 150,
          "balanceEnd": 188.43,
          "balanceStart": 408.33,
          "minPayment": 75,
          "name": "Credit Card",
          "paymentAmount": 225,
        },
      ],
      "balance": 188.43,
    },
    {
      "accounts": [
        {
          "accruedInterest": 0,
          "additionalPayment": 0,
          "balanceEnd": 0,
          "balanceStart": 0,
          "minPayment": 50,
          "name": "Student Loan",
          "paymentAmount": 0,
        },
        {
          "accruedInterest": 2.35,
          "additionalPayment": 150,
          "balanceEnd": 0,
          "balanceStart": 188.43,
          "minPayment": 75,
          "name": "Credit Card",
          "paymentAmount": 188.43,
        },
      ],
      "balance": 0,
    },
  ],
  "totalInterestPaid": 90.83,
  "totalPayments": 9,
}
`;
