// Jest Snapshot v1, https://goo.gl/fbAQLP

exports[`Snowball createPaymentPlan should match snapshot 1`] = `
[
  {
    "accounts": [
      {
        "accruedInterest": 12.49,
        "additionalPayment": 100,
        "endingBalance": 837.49,
        "name": "Credit Card",
        "paymentAmount": 175,
        "startingBalance": 1000,
      },
      {
        "accruedInterest": 29.69,
        "additionalPayment": 0,
        "endingBalance": 7379.69,
        "name": "Student Loan",
        "paymentAmount": 150,
        "startingBalance": 7500,
      },
    ],
    "balance": 8217.18,
  },
  {
    "accounts": [
      {
        "accruedInterest": 10.46,
        "additionalPayment": 100,
        "endingBalance": 672.95,
        "name": "Credit Card",
        "paymentAmount": 175,
        "startingBalance": 837.49,
      },
      {
        "accruedInterest": 29.21,
        "additionalPayment": 0,
        "endingBalance": 7258.9,
        "name": "Student Loan",
        "paymentAmount": 150,
        "startingBalance": 7379.69,
      },
    ],
    "balance": 7931.85,
  },
  {
    "accounts": [
      {
        "accruedInterest": 8.41,
        "additionalPayment": 100,
        "endingBalance": 506.36,
        "name": "Credit Card",
        "paymentAmount": 175,
        "startingBalance": 672.95,
      },
      {
        "accruedInterest": 28.73,
        "additionalPayment": 0,
        "endingBalance": 7137.63,
        "name": "Student Loan",
        "paymentAmount": 150,
        "startingBalance": 7258.9,
      },
    ],
    "balance": 7643.99,
  },
  {
    "accounts": [
      {
        "accruedInterest": 6.33,
        "additionalPayment": 100,
        "endingBalance": 337.69,
        "name": "Credit Card",
        "paymentAmount": 175,
        "startingBalance": 506.36,
      },
      {
        "accruedInterest": 28.25,
        "additionalPayment": 0,
        "endingBalance": 7015.88,
        "name": "Student Loan",
        "paymentAmount": 150,
        "startingBalance": 7137.63,
      },
    ],
    "balance": 7353.57,
  },
  {
    "accounts": [
      {
        "accruedInterest": 4.22,
        "additionalPayment": 100,
        "endingBalance": 166.91,
        "name": "Credit Card",
        "paymentAmount": 175,
        "startingBalance": 337.69,
      },
      {
        "accruedInterest": 27.77,
        "additionalPayment": 0,
        "endingBalance": 6893.65,
        "name": "Student Loan",
        "paymentAmount": 150,
        "startingBalance": 7015.88,
      },
    ],
    "balance": 7060.56,
  },
  {
    "accounts": [
      {
        "accruedInterest": 2.08,
        "additionalPayment": 100,
        "endingBalance": 0,
        "name": "Credit Card",
        "paymentAmount": 168.99,
        "startingBalance": 166.91,
      },
      {
        "accruedInterest": 27.29,
        "additionalPayment": -93.99,
        "endingBalance": 6864.93,
        "name": "Student Loan",
        "paymentAmount": 56.01,
        "startingBalance": 6893.65,
      },
    ],
    "balance": 6864.93,
  },
  {
    "accounts": [
      {
        "accruedInterest": 27.17,
        "additionalPayment": 175,
        "endingBalance": 6567.1,
        "name": "Student Loan",
        "paymentAmount": 325,
        "startingBalance": 6864.93,
      },
    ],
    "balance": 6567.1,
  },
  {
    "accounts": [
      {
        "accruedInterest": 25.99,
        "additionalPayment": 175,
        "endingBalance": 6268.09,
        "name": "Student Loan",
        "paymentAmount": 325,
        "startingBalance": 6567.1,
      },
    ],
    "balance": 6268.09,
  },
  {
    "accounts": [
      {
        "accruedInterest": 24.81,
        "additionalPayment": 175,
        "endingBalance": 5967.9,
        "name": "Student Loan",
        "paymentAmount": 325,
        "startingBalance": 6268.09,
      },
    ],
    "balance": 5967.9,
  },
  {
    "accounts": [
      {
        "accruedInterest": 23.62,
        "additionalPayment": 175,
        "endingBalance": 5666.52,
        "name": "Student Loan",
        "paymentAmount": 325,
        "startingBalance": 5967.9,
      },
    ],
    "balance": 5666.52,
  },
  {
    "accounts": [
      {
        "accruedInterest": 22.43,
        "additionalPayment": 175,
        "endingBalance": 5363.95,
        "name": "Student Loan",
        "paymentAmount": 325,
        "startingBalance": 5666.52,
      },
    ],
    "balance": 5363.95,
  },
  {
    "accounts": [
      {
        "accruedInterest": 21.23,
        "additionalPayment": 175,
        "endingBalance": 5060.18,
        "name": "Student Loan",
        "paymentAmount": 325,
        "startingBalance": 5363.95,
      },
    ],
    "balance": 5060.18,
  },
  {
    "accounts": [
      {
        "accruedInterest": 20.03,
        "additionalPayment": 175,
        "endingBalance": 4755.21,
        "name": "Student Loan",
        "paymentAmount": 325,
        "startingBalance": 5060.18,
      },
    ],
    "balance": 4755.21,
  },
  {
    "accounts": [
      {
        "accruedInterest": 18.82,
        "additionalPayment": 175,
        "endingBalance": 4449.03,
        "name": "Student Loan",
        "paymentAmount": 325,
        "startingBalance": 4755.21,
      },
    ],
    "balance": 4449.03,
  },
  {
    "accounts": [
      {
        "accruedInterest": 17.61,
        "additionalPayment": 175,
        "endingBalance": 4141.64,
        "name": "Student Loan",
        "paymentAmount": 325,
        "startingBalance": 4449.03,
      },
    ],
    "balance": 4141.64,
  },
  {
    "accounts": [
      {
        "accruedInterest": 16.39,
        "additionalPayment": 175,
        "endingBalance": 3833.03,
        "name": "Student Loan",
        "paymentAmount": 325,
        "startingBalance": 4141.64,
      },
    ],
    "balance": 3833.03,
  },
  {
    "accounts": [
      {
        "accruedInterest": 15.17,
        "additionalPayment": 175,
        "endingBalance": 3523.2,
        "name": "Student Loan",
        "paymentAmount": 325,
        "startingBalance": 3833.03,
      },
    ],
    "balance": 3523.2,
  },
  {
    "accounts": [
      {
        "accruedInterest": 13.95,
        "additionalPayment": 175,
        "endingBalance": 3212.15,
        "name": "Student Loan",
        "paymentAmount": 325,
        "startingBalance": 3523.2,
      },
    ],
    "balance": 3212.15,
  },
  {
    "accounts": [
      {
        "accruedInterest": 12.71,
        "additionalPayment": 175,
        "endingBalance": 2899.86,
        "name": "Student Loan",
        "paymentAmount": 325,
        "startingBalance": 3212.15,
      },
    ],
    "balance": 2899.86,
  },
  {
    "accounts": [
      {
        "accruedInterest": 11.48,
        "additionalPayment": 175,
        "endingBalance": 2586.34,
        "name": "Student Loan",
        "paymentAmount": 325,
        "startingBalance": 2899.86,
      },
    ],
    "balance": 2586.34,
  },
  {
    "accounts": [
      {
        "accruedInterest": 10.24,
        "additionalPayment": 175,
        "endingBalance": 2271.58,
        "name": "Student Loan",
        "paymentAmount": 325,
        "startingBalance": 2586.34,
      },
    ],
    "balance": 2271.58,
  },
  {
    "accounts": [
      {
        "accruedInterest": 8.99,
        "additionalPayment": 175,
        "endingBalance": 1955.57,
        "name": "Student Loan",
        "paymentAmount": 325,
        "startingBalance": 2271.58,
      },
    ],
    "balance": 1955.57,
  },
  {
    "accounts": [
      {
        "accruedInterest": 7.74,
        "additionalPayment": 175,
        "endingBalance": 1638.31,
        "name": "Student Loan",
        "paymentAmount": 325,
        "startingBalance": 1955.57,
      },
    ],
    "balance": 1638.31,
  },
  {
    "accounts": [
      {
        "accruedInterest": 6.48,
        "additionalPayment": 175,
        "endingBalance": 1319.79,
        "name": "Student Loan",
        "paymentAmount": 325,
        "startingBalance": 1638.31,
      },
    ],
    "balance": 1319.79,
  },
  {
    "accounts": [
      {
        "accruedInterest": 5.22,
        "additionalPayment": 175,
        "endingBalance": 1000.01,
        "name": "Student Loan",
        "paymentAmount": 325,
        "startingBalance": 1319.79,
      },
    ],
    "balance": 1000.01,
  },
  {
    "accounts": [
      {
        "accruedInterest": 3.96,
        "additionalPayment": 175,
        "endingBalance": 678.97,
        "name": "Student Loan",
        "paymentAmount": 325,
        "startingBalance": 1000.01,
      },
    ],
    "balance": 678.97,
  },
  {
    "accounts": [
      {
        "accruedInterest": 2.69,
        "additionalPayment": 175,
        "endingBalance": 356.66,
        "name": "Student Loan",
        "paymentAmount": 325,
        "startingBalance": 678.97,
      },
    ],
    "balance": 356.66,
  },
  {
    "accounts": [
      {
        "accruedInterest": 1.41,
        "additionalPayment": 175,
        "endingBalance": 33.07,
        "name": "Student Loan",
        "paymentAmount": 325,
        "startingBalance": 356.66,
      },
    ],
    "balance": 33.07,
  },
  {
    "accounts": [
      {
        "accruedInterest": 0.13,
        "additionalPayment": 175,
        "endingBalance": 0,
        "name": "Student Loan",
        "paymentAmount": 33.2,
        "startingBalance": 33.07,
      },
    ],
    "balance": 0,
  },
]
`;
